
log file /etc/frr/frr.log informational
log timestamp precision 3
hostname dummyhostname


bfd
  profile bar
    receive-interval 60
    transmit-interval 70
    detect-multiplier 5
    echo-interval 90
    minimum-ttl 60
    
  profile foo
    receive-interval 60
    transmit-interval 70
    detect-multiplier 5
    echo-interval 90
    minimum-ttl 60
    
