log file /etc/frr/frr.log informational
log timestamp precision 3
hostname dummyhostname
ip nht resolve-via-default
ipv6 nht resolve-via-default
route-map 127.0.0.2-in deny 20




ip prefix-list 127.0.0.2-pl-ipv4 seq 1 deny any
ipv6 prefix-list 127.0.0.2-pl-ipv4 seq 2 deny any

route-map 127.0.0.2-out permit 1
  match ip address prefix-list 127.0.0.2-pl-ipv4
route-map 127.0.0.2-out permit 2
  match ipv6 address prefix-list 127.0.0.2-pl-ipv4

router bgp 100
  no bgp ebgp-requires-policy
  no bgp network import-check
  no bgp default ipv4-unicast
  bgp graceful-restart preserve-fw-state

  bgp router-id 10.1.1.254
  neighbor 127.0.0.2 remote-as 200
  neighbor 127.0.0.2 port 179
  neighbor 127.0.0.2 timers 1 1
  neighbor 127.0.0.2 password password
  neighbor 127.0.0.2 update-source 10.1.1.254

  address-family ipv4 unicast
    neighbor 127.0.0.2 activate
    neighbor 127.0.0.2 route-map 127.0.0.2-in in
    neighbor 127.0.0.2 route-map 127.0.0.2-out out
  exit-address-family
  address-family ipv6 unicast
    neighbor 127.0.0.2 activate
    neighbor 127.0.0.2 route-map 127.0.0.2-in in
    neighbor 127.0.0.2 route-map 127.0.0.2-out out
  exit-address-family

