{
    "metadata": {
        "name": "metallb-testnodename",
        "namespace": "testnamespace",
        "creationTimestamp": null
    },
    "spec": {
        "bgp": {
            "routers": [
                {
                    "asn": 100,
                    "id": "10.1.1.254",
                    "neighbors": [
                        {
                            "asn": 200,
                            "address": "10.2.2.254",
                            "port": 179,
                            "password": "password",
                            "passwordSecret": {},
                            "holdTime": "1s",
                            "keepaliveTime": "2s",
                            "ebgpMultiHop": true,
                            "bfdProfile": "foo",
                            "toAdvertise": {
                                "allowed": {}
                            },
                            "toReceive": {
                                "allowed": {}
                            }
                        }
                    ]
                }
            ],
            "bfdProfiles": [
                {
                    "name": "bar",
                    "receiveInterval": 60,
                    "transmitInterval": 70,
                    "detectMultiplier": 5,
                    "echoInterval": 90,
                    "echoMode": false,
                    "passiveMode": false,
                    "minimumTtl": 60
                },
                {
                    "name": "foo",
                    "receiveInterval": 60,
                    "transmitInterval": 70,
                    "detectMultiplier": 5,
                    "echoInterval": 90,
                    "echoMode": false,
                    "passiveMode": false,
                    "minimumTtl": 60
                }
            ]
        },
        "raw": {},
        "nodeSelector": {
            "matchLabels": {
                "kubernetes.io/hostname": "testnodename"
            }
        }
    },
    "status": {}
}