{
    "metadata": {
        "name": "metallb-testnodename",
        "namespace": "testnamespace"
    },
    "spec": {
        "bgp": {},
        "raw": {},
        "nodeSelector": {
            "matchLabels": {
                "kubernetes.io/hostname": "testnodename"
            }
        }
    },
    "status": {}
}